// Jest Snapshot v1, https://goo.gl/fbAQLP

exports[`GifTile Component should render properly 1`] = `
<video
  autoPlay={true}
  key="foo"
  loop={true}
  muted={true}
  playsInline={true}
>
  <source
    src="foo"
    type="video/mp4"
  />
</video>
`;
