// Jest Snapshot v1, https://goo.gl/fbAQLP

exports[`App Component should render properly 1`] = `
<div>
  <StyledHeader>
    <h1>
      Have a gify day!
    </h1>
    <p>
      Your year in gifs...
    </p>
  </StyledHeader>
  <StyledContainer>
    <YearView
      dailyGifs={Object {}}
      onSelectedDay={[Function]}
    />
  </StyledContainer>
  <StyledFooter>
    <p>
      Made with â™¥ by
       
      <a
        href="https://sirlisko.com"
        rel="noopener noreferrer"
        target="_blank"
      >
        Luca Lischetti (@sirLisko)
      </a>
    </p>
    <p>
      Powered By
       
      <a
        href="https://giphy.com/"
        rel="noopener noreferrer"
        target="_blank"
      >
        GIPHY
      </a>
    </p>
  </StyledFooter>
</div>
`;
